#-----------------------------------------------------------
# Webtalk v2018.2 (64-bit)
# SW Build 2258646 on Thu Jun 14 20:03:12 MDT 2018
# IP Build 2256618 on Thu Jun 14 22:10:49 MDT 2018
# Start of session at: Tue Jun  6 19:26:10 2023
# Process ID: 3192
# Current directory: D:/sem 2/computer organization/nanoprocessor_78_final/nanoprocessor_78_final/nanoprocessor_1/nanoprocessor_1.sim/sim_1/behav/xsim
# Command line: wbtcv.exe -mode batch -source D:/sem 2/computer organization/nanoprocessor_78_final/nanoprocessor_78_final/nanoprocessor_1/nanoprocessor_1.sim/sim_1/behav/xsim/xsim.dir/tri_state_buffer_4bit_sim_behav/webtalk/xsim_webtalk.tcl -notrace
# Log file: D:/sem 2/computer organization/nanoprocessor_78_final/nanoprocessor_78_final/nanoprocessor_1/nanoprocessor_1.sim/sim_1/behav/xsim/webtalk.log
# Journal file: D:/sem 2/computer organization/nanoprocessor_78_final/nanoprocessor_78_final/nanoprocessor_1/nanoprocessor_1.sim/sim_1/behav/xsim\webtalk.jou
#-----------------------------------------------------------
source D:/sem -notrace
